
> parkping-app@0.1.0 build
> next build

  Γû▓ Next.js 14.2.35

   Creating an optimized production build ...
 Γ£ô Compiled successfully
   Linting and checking validity of types ...
node.exe : Failed to 
compile.
At line:1 char:1
+ & "D:\nodejs/node.exe" "D
:\nodejs/node_modules/npm/b
in/npm-cli.js" ru ...
+ ~~~~~~~~~~~~~~~~~~~~~~~~~
~~~~~~~~~~~~~~~~~~~~~~~~~~~
~~~~~~~~~~~~~~~~~
    + CategoryInfo         
     : NotSpecified: (Fai  
  led to compile.:String   
 ) [], RemoteException
    + FullyQualifiedErrorI 
   d : NativeCommandError
 

./src/components/ui/Button.
tsx:49:11
Type error: Type 
'ReactNode | 
MotionValueNumber | 
MotionValueString' is not 
assignable to type 
'ReactNode'.
  Type 'MotionValueNumber' 
is not assignable to type 
'ReactNode'.

[0m [90m 47 |[39m       
  {isLoading [33m&&[39m 
[33m<[39m[33mLoader2[39m
 className[33m=[39m[32m"
mr-2 h-5 w-5 
animate-spin"[39m 
[33m/[39m[33m>[39m}[0m
[0m [90m 48 |[39m       
  
[33m<[39m[33mspan[39m c
lassName[33m=[39m{cn([32
m"inline-flex items-center 
gap-2"[39m[33m,[39m 
isLoading [33m&&[39m [32
m"opacity-80"[39m)}[33m>
[39m[0m
[0m[31m[1m>[22m[39m[9
0m 49 |[39m           
{children}[0m
[0m [90m    |[39m       
    
[31m[1m^[22m[39m[0m
[0m [90m 50 |[39m       
  [33m<[39m[33m/[39m[3
3mspan[39m[33m>[39m[0m
[0m [90m 51 |[39m       
[33m<[39m[33m/[39m[33m
motion[39m[33m.[39mbutto
n[33m>[39m[0m
[0m [90m 52 |[39m     
)[33m;[39m[0m
Next.js build worker 
exited with code: 1 and 
signal: null
